
> 111internationspa@0.0.0 build
> vite build

[36mvite v5.4.21 [32mbuilding for production...[36m[39m
transforming...
[32mΓ£ô[39m 2174 modules transformed.
rendering chunks...
computing gzip size...
[2mdist/[22m[32mindex.html                 [39m[1m[2m  1.16 kB[22m[1m[22m[2m Γöé gzip:   0.59 kB[22m
[2mdist/[22m[35massets/index-Bb56hU5l.css  [39m[1m[2m 53.26 kB[22m[1m[22m[2m Γöé gzip:   9.54 kB[22m
[2mdist/[22m[36massets/index-CxnOdSDn.js   [39m[1m[2m459.83 kB[22m[1m[22m[2m Γöé gzip: 145.28 kB[22m
[32mΓ£ô built in 4.11s[39m
